###############################################################################
#
# IAR ELF Linker V9.30.1.335/W64 for ARM                  28/Oct/2022  13:08:39
# Copyright 2007-2022 IAR Systems AB.
#
#    Output file  =  C:\embedded_programing\lesson14\Debug\Exe\project.out
#    Map file     =  C:\embedded_programing\lesson14\Debug\List\project.map
#    Command line =
#        -f C:\embedded_programing\lesson14\Debug\Exe\project.out.rsp
#        (C:\embedded_programing\lesson14\Debug\Obj\delay.o
#        C:\embedded_programing\lesson14\Debug\Obj\main.o
#        C:\embedded_programing\lesson14\Debug\Obj\startup_tm4c.o
#        --no_out_extension -o
#        C:\embedded_programing\lesson14\Debug\Exe\project.out --redirect
#        _Printf=_PrintfFullNoMb --redirect _Scanf=_ScanfFullNoMb --map
#        C:\embedded_programing\lesson14\Debug\List\project.map --config
#        C:\embedded_programing\lesson10\project.icf --semihosting --entry
#        __iar_program_start --vfe --text_out locale --cpu=Cortex-M4
#        --fpu=VFPv4_sp)
#
###############################################################################

*******************************************************************************
*** RUNTIME MODEL ATTRIBUTES
***

CppFlavor       = *
__CPP_Runtime   = 1
__SystemLibrary = DLib
__dlib_version  = 6


*******************************************************************************
*** HEAP SELECTION
***

The basic heap was selected because --advanced_heap
was not specified and the application did not appear to
be primarily optimized for speed.


*******************************************************************************
*** PLACEMENT SUMMARY
***

"A0":  place at address 0x0 { ro section .intvec };
"P1":  place in [from 0x0 to 0x3'ffff] { ro };
define block CSTACK with size = 1K, alignment = 8 { };
define block HEAP with size = 0, alignment = 8 { };
"P2":  place in [from 0x2000'0000 to 0x2000'7fff] {
          rw, block CSTACK, block HEAP };
initialize by copy { rw };

  Section            Kind         Address   Size  Object
  -------            ----         -------   ----  ------
"A0":                                        0x8
  .intvec            const            0x0    0x8  startup_tm4c.o [1]
                                    - 0x8    0x8

"P1":                                      0x1e7
  .text              ro code          0x8   0xc4  main.o [1]
  .text              ro code         0xcc   0x18  delay.o [1]
  .text              ro code         0xe4   0x3a  packbits_init_single.o [4]
  .text              ro code        0x120   0x28  data_init.o [4]
  .text              ro code        0x148   0x22  fpinit_M.o [3]
  .iar.init_table    const          0x16c   0x10  - Linker created -
  .text              ro code        0x17c   0x1e  cmain.o [4]
  .text              ro code        0x19a    0x4  low_level_init.o [2]
  .text              ro code        0x19e    0x4  exit.o [2]
  .text              ro code        0x1a4    0xa  cexit.o [4]
  .text              ro code        0x1b0   0x14  exit.o [5]
  .text              ro code        0x1c4   0x1c  cstartup_M.o [4]
  .rodata            const          0x1e0    0x0  packbits_init_single.o [4]
  Initializer bytes  const          0x1e0    0xf  <for P2-1>
                                  - 0x1ef  0x1e7

"P2":                                       0x24
  P2-1                        0x2000'0000   0x24  <Init block>
    .data            inited   0x2000'0000    0x4  main.o [1]
    .data            inited   0x2000'0004    0x8  main.o [1]
    .bss             inited   0x2000'000c    0x4  main.o [1]
    .bss             inited   0x2000'0010    0x8  main.o [1]
    .bss             inited   0x2000'0018    0xc  main.o [1]
                            - 0x2000'0024   0x24

Unused ranges:

         From           To      Size
         ----           --      ----
        0x1ef     0x3'ffff  0x3'fe11
  0x2000'0024  0x2000'7fff    0x7fdc


*******************************************************************************
*** INIT TABLE
***

          Address      Size
          -------      ----
Copy/packbits (__iar_packbits_init_single3)
    1 source range, total size 0xf (41% of destination):
                0x1e0   0xf
    1 destination range, total size 0x24:
          0x2000'0000  0x24



*******************************************************************************
*** MODULE SUMMARY
***

    Module                  ro code  ro data  rw data
    ------                  -------  -------  -------
command line/config:
    -------------------------------------------------
    Total:

C:\embedded_programing\lesson14\Debug\Obj: [1]
    delay.o                      24
    main.o                      196       15       36
    startup_tm4c.o                         8
    -------------------------------------------------
    Total:                      220       23       36

dl7M_tln.a: [2]
    exit.o                        4
    low_level_init.o              4
    -------------------------------------------------
    Total:                        8

m7M_tls.a: [3]
    fpinit_M.o                   34
    -------------------------------------------------
    Total:                       34

rt7M_tl.a: [4]
    cexit.o                      10
    cmain.o                      30
    cstartup_M.o                 28
    data_init.o                  40
    packbits_init_single.o       58
    -------------------------------------------------
    Total:                      166

shb_l.a: [5]
    exit.o                       20
    -------------------------------------------------
    Total:                       20

    Gaps                          6        2
    Linker created                        16
-----------------------------------------------------
    Grand Total:                454       41       36


*******************************************************************************
*** ENTRY LIST
***

Entry                       Address  Size  Type      Object
-----                       -------  ----  ----      ------
.iar.init_table$$Base         0x16c         --   Gb  - Linker created -
.iar.init_table$$Limit        0x17c         --   Gb  - Linker created -
?main                         0x17d        Code  Gb  cmain.o [4]
Region$$Table$$Base           0x16c         --   Gb  - Linker created -
Region$$Table$$Limit          0x17c         --   Gb  - Linker created -
__cmain                       0x17d        Code  Gb  cmain.o [4]
__exit                        0x1b1  0x14  Code  Gb  exit.o [5]
__iar_data_init3              0x121  0x28  Code  Gb  data_init.o [4]
__iar_init_vfp                0x149        Code  Gb  fpinit_M.o [3]
__iar_packbits_init_single3
                               0xe5  0x3a  Code  Gb  packbits_init_single.o [4]
__iar_program_start           0x1c5        Code  Gb  cstartup_M.o [4]
__low_level_init              0x19b   0x4  Code  Gb  low_level_init.o [2]
__vector_table                  0x0   0x8  Data  Gb  startup_tm4c.o [1]
_call_main                    0x189        Code  Gb  cmain.o [4]
_exit                         0x1a5        Code  Gb  cexit.o [4]
delay                          0xcd  0x18  Code  Gb  delay.o [1]
exit                          0x19f   0x4  Code  Gb  exit.o [2]
main                            0x9  0xc4  Code  Gb  main.o [1]
p1                      0x2000'0000   0x4  Data  Gb  main.o [1]
p2                      0x2000'000c   0x4  Data  Gb  main.o [1]
t                       0x2000'0018   0xc  Data  Gb  main.o [1]
w                       0x2000'0004   0x8  Data  Gb  main.o [1]
w2                      0x2000'0010   0x8  Data  Gb  main.o [1]


[1] = C:\embedded_programing\lesson14\Debug\Obj
[2] = dl7M_tln.a
[3] = m7M_tls.a
[4] = rt7M_tl.a
[5] = shb_l.a

  454 bytes of readonly  code memory
   41 bytes of readonly  data memory
   36 bytes of readwrite data memory

Errors: none
Warnings: none
