###############################################################################
#
# IAR ELF Linker V9.30.1.335/W64 for ARM                  27/Oct/2022  10:02:00
# Copyright 2007-2022 IAR Systems AB.
#
#    Output file  =  C:\embedded_programing\lesson3\Debug\Exe\project.out
#    Map file     =  C:\embedded_programing\lesson3\Debug\List\project.map
#    Command line =
#        -f C:\embedded_programing\lesson3\Debug\Exe\project.out.rsp
#        (C:\embedded_programing\lesson3\Debug\Obj\main.o --no_out_extension -o
#        C:\embedded_programing\lesson3\Debug\Exe\project.out --redirect
#        _Printf=_PrintfFullNoMb --redirect _Scanf=_ScanfFullNoMb --map
#        C:\embedded_programing\lesson3\Debug\List\project.map --config
#        "C:\Program Files\IAR Systems\Embedded Workbench
#        9.1\arm/config/linker/TexasInstruments/TM4C123GH6.icf" --semihosting
#        --entry __iar_program_start --vfe --text_out locale --cpu=Cortex-M4
#        --fpu=VFPv4_sp)
#
###############################################################################

*******************************************************************************
*** RUNTIME MODEL ATTRIBUTES
***

CppFlavor       = *
__CPP_Runtime   = 1
__SystemLibrary = DLib
__dlib_version  = 6


*******************************************************************************
*** HEAP SELECTION
***

The basic heap was selected because --advanced_heap
was not specified and the application did not appear to
be primarily optimized for speed.


*******************************************************************************
*** PLACEMENT SUMMARY
***

"A0":  place at address 0x0 { ro section .intvec };
"P1":  place in [from 0x0 to 0x3'ffff] { ro };
define block CSTACK with size = 4K, alignment = 8 { };
define block HEAP with size = 8K, alignment = 8 { };
"P2":  place in [from 0x2000'0000 to 0x2000'7fff] {
          rw, block CSTACK, block HEAP };

  Section          Kind         Address    Size  Object
  -------          ----         -------    ----  ------
"A0":                                      0x40
  .intvec          ro code          0x0    0x40  vector_table_M.o [4]
                                 - 0x40    0x40

"P1":                                     0x120
  .text            ro code         0x40    0x38  zero_init3.o [4]
  .text            ro code         0x78    0x28  data_init.o [4]
  .text            ro code         0xa0    0x24  main.o [1]
  .text            ro code         0xc4    0x22  fpinit_M.o [3]
  .iar.init_table  const           0xe8    0x10  - Linker created -
  .text            ro code         0xf8     0x2  vectortrap_M.o [4]
  .text            ro code         0xfc    0x1e  cmain.o [4]
  .text            ro code        0x11a     0x4  low_level_init.o [2]
  .text            ro code        0x11e     0x4  exit.o [2]
  .text            ro code        0x124     0xa  cexit.o [4]
  .text            ro code        0x130    0x14  exit.o [5]
  .text            ro code        0x144    0x1c  cstartup_M.o [4]
  .rodata          const          0x160     0x0  zero_init3.o [4]
                                - 0x160   0x120

"P2", part 1 of 2:                          0x4
  .bss             zero     0x2000'0000     0x4  main.o [1]
                          - 0x2000'0004     0x4

"P2", part 2 of 2:                       0x1000
  CSTACK                    0x2000'0008  0x1000  <Block>
    CSTACK         uninit   0x2000'0008  0x1000  <Block tail>
                          - 0x2000'1008  0x1000

Unused ranges:

         From           To      Size
         ----           --      ----
        0x160     0x3'ffff  0x3'fea0
  0x2000'0004  0x2000'0007       0x4
  0x2000'1008  0x2000'7fff    0x6ff8


*******************************************************************************
*** INIT TABLE
***

          Address      Size
          -------      ----
Zero (__iar_zero_init3)
    1 destination range, total size 0x4:
          0x2000'0000   0x4



*******************************************************************************
*** MODULE SUMMARY
***

    Module            ro code  ro data  rw data
    ------            -------  -------  -------
command line/config:
    -------------------------------------------
    Total:

C:\embedded_programing\lesson3\Debug\Obj: [1]
    main.o                 36                 4
    -------------------------------------------
    Total:                 36                 4

dl7M_tln.a: [2]
    exit.o                  4
    low_level_init.o        4
    -------------------------------------------
    Total:                  8

m7M_tls.a: [3]
    fpinit_M.o             34
    -------------------------------------------
    Total:                 34

rt7M_tl.a: [4]
    cexit.o                10
    cmain.o                30
    cstartup_M.o           28
    data_init.o            40
    vector_table_M.o       64
    vectortrap_M.o          2
    zero_init3.o           56
    -------------------------------------------
    Total:                230

shb_l.a: [5]
    exit.o                 20
    -------------------------------------------
    Total:                 20

    Gaps                    6        2
    Linker created                  16    4'096
-----------------------------------------------
    Grand Total:          334       18    4'100


*******************************************************************************
*** ENTRY LIST
***

Entry                       Address  Size  Type      Object
-----                       -------  ----  ----      ------
.iar.init_table$$Base          0xe8         --   Gb  - Linker created -
.iar.init_table$$Limit         0xf8         --   Gb  - Linker created -
?main                          0xfd        Code  Gb  cmain.o [4]
BusFault_Handler               0xf9        Code  Wk  vectortrap_M.o [4]
CSTACK$$Base            0x2000'0008         --   Gb  - Linker created -
CSTACK$$Limit           0x2000'1008         --   Gb  - Linker created -
DebugMon_Handler               0xf9        Code  Wk  vectortrap_M.o [4]
HardFault_Handler              0xf9        Code  Wk  vectortrap_M.o [4]
MemManage_Handler              0xf9        Code  Wk  vectortrap_M.o [4]
NMI_Handler                    0xf9        Code  Wk  vectortrap_M.o [4]
PendSV_Handler                 0xf9        Code  Wk  vectortrap_M.o [4]
Region$$Table$$Base            0xe8         --   Gb  - Linker created -
Region$$Table$$Limit           0xf8         --   Gb  - Linker created -
SVC_Handler                    0xf9        Code  Wk  vectortrap_M.o [4]
SysTick_Handler                0xf9        Code  Wk  vectortrap_M.o [4]
UsageFault_Handler             0xf9        Code  Wk  vectortrap_M.o [4]
__cmain                        0xfd        Code  Gb  cmain.o [4]
__exit                        0x131  0x14  Code  Gb  exit.o [5]
__iar_data_init3               0x79  0x28  Code  Gb  data_init.o [4]
__iar_init_vfp                 0xc5        Code  Gb  fpinit_M.o [3]
__iar_program_start           0x145        Code  Gb  cstartup_M.o [4]
__iar_zero_init3               0x41  0x38  Code  Gb  zero_init3.o [4]
__low_level_init              0x11b   0x4  Code  Gb  low_level_init.o [2]
__vector_table                  0x0        Data  Gb  vector_table_M.o [4]
_call_main                    0x109        Code  Gb  cmain.o [4]
_exit                         0x125        Code  Gb  cexit.o [4]
counter                 0x2000'0000   0x4  Data  Gb  main.o [1]
exit                          0x11f   0x4  Code  Gb  exit.o [2]
main                           0xa1  0x24  Code  Gb  main.o [1]


[1] = C:\embedded_programing\lesson3\Debug\Obj
[2] = dl7M_tln.a
[3] = m7M_tls.a
[4] = rt7M_tl.a
[5] = shb_l.a

    334 bytes of readonly  code memory
     18 bytes of readonly  data memory
  4'100 bytes of readwrite data memory

Errors: none
Warnings: none
