###############################################################################
#
# IAR ELF Linker V9.30.1.335/W64 for ARM                  27/Oct/2022  14:12:42
# Copyright 2007-2022 IAR Systems AB.
#
#    Output file  =  C:\embedded_programing\lesson8\Debug\Exe\project.out
#    Map file     =  C:\embedded_programing\lesson8\Debug\List\project.map
#    Command line =
#        -f C:\embedded_programing\lesson8\Debug\Exe\project.out.rsp
#        (C:\embedded_programing\lesson8\Debug\Obj\delay.o
#        C:\embedded_programing\lesson8\Debug\Obj\main.o --no_out_extension -o
#        C:\embedded_programing\lesson8\Debug\Exe\project.out --redirect
#        _Printf=_PrintfFullNoMb --redirect _Scanf=_ScanfFullNoMb --map
#        C:\embedded_programing\lesson8\Debug\List\project.map --config
#        "C:\Program Files\IAR Systems\Embedded Workbench
#        9.1\arm/config/linker/TexasInstruments/TM4C123GH6.icf" --semihosting
#        --entry __iar_program_start --vfe --text_out locale --cpu=Cortex-M4
#        --fpu=VFPv4_sp)
#
###############################################################################

*******************************************************************************
*** RUNTIME MODEL ATTRIBUTES
***

CppFlavor       = *
__CPP_Runtime   = 1
__SystemLibrary = DLib
__dlib_version  = 6


*******************************************************************************
*** HEAP SELECTION
***

The basic heap was selected because --advanced_heap
was not specified and the application did not appear to
be primarily optimized for speed.


*******************************************************************************
*** PLACEMENT SUMMARY
***

"A0":  place at address 0x0 { ro section .intvec };
"P1":  place in [from 0x0 to 0x3'ffff] { ro };
define block CSTACK with size = 4K, alignment = 8 { };
define block HEAP with size = 8K, alignment = 8 { };
"P2":  place in [from 0x2000'0000 to 0x2000'7fff] {
          rw, block CSTACK, block HEAP };

No sections matched the following patterns:

  rw  in "P2"


  Section   Kind         Address    Size  Object
  -------   ----         -------    ----  ------
"A0":                               0x40
  .intvec   ro code          0x0    0x40  vector_table_M.o [4]
                          - 0x40    0x40

"P1":                              0x148
  .text     ro code         0x40    0xa8  main.o [1]
  .text     ro code         0xe8    0x18  delay.o [1]
  .text     ro code        0x100    0x22  fpinit_M.o [3]
  .text     ro code        0x122     0x2  vectortrap_M.o [4]
  .text     ro code        0x124    0x1e  cmain.o [4]
  .text     ro code        0x142     0x4  low_level_init.o [2]
  .text     ro code        0x146     0x4  exit.o [2]
  .text     ro code        0x14c     0xa  cexit.o [4]
  .text     ro code        0x158    0x14  exit.o [5]
  .text     ro code        0x16c    0x1c  cstartup_M.o [4]
                         - 0x188   0x148

"P2":                             0x1000
  CSTACK             0x2000'0000  0x1000  <Block>
    CSTACK  uninit   0x2000'0000  0x1000  <Block tail>
                   - 0x2000'1000  0x1000

Unused ranges:

         From           To      Size
         ----           --      ----
        0x188     0x3'ffff  0x3'fe78
  0x2000'1000  0x2000'7fff    0x7000



*******************************************************************************
*** MODULE SUMMARY
***

    Module            ro code  rw data
    ------            -------  -------
command line/config:
    ----------------------------------
    Total:

C:\embedded_programing\lesson8\Debug\Obj: [1]
    delay.o                24
    main.o                168
    ----------------------------------
    Total:                192

dl7M_tln.a: [2]
    exit.o                  4
    low_level_init.o        4
    ----------------------------------
    Total:                  8

m7M_tls.a: [3]
    fpinit_M.o             34
    ----------------------------------
    Total:                 34

rt7M_tl.a: [4]
    cexit.o                10
    cmain.o                30
    cstartup_M.o           28
    vector_table_M.o       64
    vectortrap_M.o          2
    ----------------------------------
    Total:                134

shb_l.a: [5]
    exit.o                 20
    ----------------------------------
    Total:                 20

    Gaps                    4
    Linker created               4'096
--------------------------------------
    Grand Total:          392    4'096


*******************************************************************************
*** ENTRY LIST
***

Entry                     Address  Size  Type      Object
-----                     -------  ----  ----      ------
?main                       0x125        Code  Gb  cmain.o [4]
BusFault_Handler            0x123        Code  Wk  vectortrap_M.o [4]
CSTACK$$Base          0x2000'0000         --   Gb  - Linker created -
CSTACK$$Limit         0x2000'1000         --   Gb  - Linker created -
DebugMon_Handler            0x123        Code  Wk  vectortrap_M.o [4]
HardFault_Handler           0x123        Code  Wk  vectortrap_M.o [4]
MemManage_Handler           0x123        Code  Wk  vectortrap_M.o [4]
NMI_Handler                 0x123        Code  Wk  vectortrap_M.o [4]
PendSV_Handler              0x123        Code  Wk  vectortrap_M.o [4]
Region$$Table$$Base           0x0         --   Gb  - Linker created -
Region$$Table$$Limit          0x0         --   Gb  - Linker created -
SVC_Handler                 0x123        Code  Wk  vectortrap_M.o [4]
SysTick_Handler             0x123        Code  Wk  vectortrap_M.o [4]
UsageFault_Handler          0x123        Code  Wk  vectortrap_M.o [4]
__cmain                     0x125        Code  Gb  cmain.o [4]
__exit                      0x159  0x14  Code  Gb  exit.o [5]
__iar_init_vfp              0x101        Code  Gb  fpinit_M.o [3]
__iar_program_start         0x16d        Code  Gb  cstartup_M.o [4]
__low_level_init            0x143   0x4  Code  Gb  low_level_init.o [2]
__vector_table                0x0        Data  Gb  vector_table_M.o [4]
_call_main                  0x131        Code  Gb  cmain.o [4]
_exit                       0x14d        Code  Gb  cexit.o [4]
delay                        0xe9  0x18  Code  Gb  delay.o [1]
exit                        0x147   0x4  Code  Gb  exit.o [2]
fact                         0xd1  0x18  Code  Gb  main.o [1]
main                         0x41  0x6a  Code  Gb  main.o [1]


[1] = C:\embedded_programing\lesson8\Debug\Obj
[2] = dl7M_tln.a
[3] = m7M_tls.a
[4] = rt7M_tl.a
[5] = shb_l.a

    392 bytes of readonly  code memory
  4'096 bytes of readwrite data memory

Errors: none
Warnings: none
